src/app/analysis/page.tsx(535,18): error TS2304: Cannot find name 'DiagramsSection'.
src/components/DiagramsSection.tsx(109,21): error TS2322: Type '(value: number) => [string, "Shear (kN)" | "Moment (kNm)" | "Axial (kN)"]' is not assignable to type 'Formatter<number, "Shear (kN)" | "Moment (kNm)" | "Axial (kN)">'.
  Types of parameters 'value' and 'value' are incompatible.
    Type 'number | undefined' is not assignable to type 'number'.
      Type 'undefined' is not assignable to type 'number'.
